../Core/Src/main.c:123:5:main	16	static
../Core/Src/main.c:196:6:SystemClock_Config	88	static
../Core/Src/main.c:242:13:MX_ADC1_Init	24	static
../Core/Src/main.c:294:13:MX_DAC_Init	16	static
../Core/Src/main.c:334:13:MX_I2C1_Init	8	static
../Core/Src/main.c:368:13:MX_I2S3_Init	8	static
../Core/Src/main.c:402:13:MX_TIM2_Init	32	static
../Core/Src/main.c:447:13:MX_TIM3_Init	64	static
../Core/Src/main.c:506:13:MX_TIM4_Init	32	static
../Core/Src/main.c:551:13:MX_GPIO_Init	56	static
../Core/Src/main.c:653:7:filter	32	static
../Core/Src/main.c:676:6:HAL_TIM_PeriodElapsedCallback	64	static
../Core/Src/main.c:709:5:limit_ccr	24	static
../Core/Src/main.c:721:6:gripperControl	24	static
../Core/Src/main.c:731:6:gripperHandler	16	static
../Core/Src/main.c:760:6:Error_Handler	4	static,ignoring_inline_asm
